Sun May 26 20:44:32 2013 Error: invalid usage [returned  -1]
Sun May 26 20:44:44 2013 Error: invalid usage [returned  -1]
